../Core/Src/main.c:99:6:task_led	24	static
../Core/Src/main.c:109:6:task_adc	32	static
../Core/Src/main.c:136:5:main	8	static
../Core/Src/main.c:227:6:SystemClock_Config	88	static
../Core/Src/main.c:274:13:MX_ADC1_Init	24	static
../Core/Src/main.c:326:13:MX_TIM2_Init	32	static
../Core/Src/main.c:371:13:MX_TIM3_Init	64	static
../Core/Src/main.c:438:13:MX_DMA_Init	16	static
../Core/Src/main.c:456:13:MX_GPIO_Init	48	static
../Core/Src/main.c:484:19:prvTaskStatsCommand	32	static
../Core/Src/main.c:510:19:prvTaskStatsHarmonica	96	static
../Core/Src/main.c:623:6:StartDefaultTask	144	static
../Core/Src/main.c:646:6:Error_Handler	4	static,ignoring_inline_asm
