../USB_DEVICE/App/usbd_cdc_if.c:142:6:init_usb_rtos_obj	16	static
../USB_DEVICE/App/usbd_cdc_if.c:153:10:usb_is_on	4	static
../USB_DEVICE/App/usbd_cdc_if.c:157:12:CDC_Receiveq_HS	16	static
../USB_DEVICE/App/usbd_cdc_if.c:161:9:read_usb_cdc	24	static
../USB_DEVICE/App/usbd_cdc_if.c:165:6:queue_print	16	static
../USB_DEVICE/App/usbd_cdc_if.c:170:6:Print_Task	1376	static
../USB_DEVICE/App/usbd_cdc_if.c:258:15:CDC_Init_HS	8	static
../USB_DEVICE/App/usbd_cdc_if.c:273:15:CDC_DeInit_HS	4	static
../USB_DEVICE/App/usbd_cdc_if.c:287:15:CDC_Control_HS	24	static,ignoring_inline_asm
../USB_DEVICE/App/usbd_cdc_if.c:371:15:CDC_Receive_HS	24	static,ignoring_inline_asm
../USB_DEVICE/App/usbd_cdc_if.c:390:9:CDC_Transmit_HS	24	static
../USB_DEVICE/App/usbd_cdc_if.c:417:15:CDC_TransmitCplt_HS	32	static,ignoring_inline_asm
